16:33:39 **** Incremental Build of configuration GNU ARM v4.8.3 - Release for project emptyProject ****
make -j1 all 
Building file: C:/eraseme/one/nwave/src/main.c
Invoking: GNU ARM C Compiler
arm-none-eabi-gcc -g -gdwarf-2 -mcpu=cortex-m3 -mthumb '-DEFM32G890F128=1' '-DNDEBUG=1' -I"C:/SiliconLabs/SimplicityStudio/v3/developer/sdks/efm32/v2/CMSIS/Include" -I"C:/SiliconLabs/SimplicityStudio/v3/developer/sdks/efm32/v2/kits/common/bsp" -I"C:/SiliconLabs/SimplicityStudio/v3/developer/sdks/efm32/v2/emlib/inc" -I"C:/SiliconLabs/SimplicityStudio/v3/developer/sdks/efm32/v2/emlib/src" -I"C:/SiliconLabs/SimplicityStudio/v3/developer/sdks/efm32/v2/kits/common/drivers" -I"C:/SiliconLabs/SimplicityStudio/v3/developer/sdks/efm32/v2/Device/SiliconLabs/EFM32G/Include" -I"C:/SiliconLabs/SimplicityStudio/v3/developer/sdks/efm32/v2/kits/EFM32G_DK3550/config" -O0 -Wall -c -fmessage-length=0 -ffunction-sections -fdata-sections -std=c99 -MMD -MP -MF"main.d" -MT"main.o" -o "main.o" "C:/eraseme/one/nwave/src/main.c"
Finished building: C:/eraseme/one/nwave/src/main.c
 
Building target: nwave_unb.axf
Invoking: GNU ARM C Linker
arm-none-eabi-gcc -g -gdwarf-2 -mcpu=cortex-m3 -mthumb -T "nwave_unb.ld" -L"C:\eraseme\one\nwave\Simplicity Studio\emptyProject" -Xlinker --gc-sections -Xlinker -Map="nwave_unb.map" --specs=nano.specs -o nwave_unb.axf "./main.o" "./nwrm_cmu.o" "./nwrm_printf.o" "./nwrm_rtc.o" "./nwrm_uart.o" "./emlib/em_acmp.o" "./emlib/em_adc.o" "./emlib/em_aes.o" "./emlib/em_assert.o" "./emlib/em_burtc.o" "./emlib/em_cmu.o" "./emlib/em_dac.o" "./emlib/em_dbg.o" "./emlib/em_dma.o" "./emlib/em_ebi.o" "./emlib/em_emu.o" "./emlib/em_gpio.o" "./emlib/em_i2c.o" "./emlib/em_idac.o" "./emlib/em_int.o" "./emlib/em_lcd.o" "./emlib/em_lesense.o" "./emlib/em_letimer.o" "./emlib/em_leuart.o" "./emlib/em_mpu.o" "./emlib/em_msc.o" "./emlib/em_opamp.o" "./emlib/em_pcnt.o" "./emlib/em_prs.o" "./emlib/em_rmu.o" "./emlib/em_rtc.o" "./emlib/em_system.o" "./emlib/em_timer.o" "./emlib/em_usart.o" "./emlib/em_vcmp.o" "./emlib/em_wdog.o" "./CMSIS/efm32g/startup_gcc_efm32g.o" "./CMSIS/efm32g/system_efm32g.o" "./BSP/bsp_dk_3201.o" "./BSP/bsp_dk_leds.o" "./BSP/bsp_trace.o" "-lnwave_unb" -Wl,--start-group -lgcc -lc -lnosys -Wl,--end-group
Finished building target: nwave_unb.axf
 
Building hex file: nwave_unb.hex
arm-none-eabi-objcopy -O ihex "nwave_unb.axf" "nwave_unb.hex"
 
Building bin file: nwave_unb.bin
arm-none-eabi-objcopy -O binary "nwave_unb.axf" "nwave_unb.bin"
 
Running size tool
arm-none-eabi-size "nwave_unb.axf"
   text	   data	    bss	    dec	    hex	filename
  25276	    124	   3796	  29196	   720c	nwave_unb.axf
 
